// Jest Snapshot v1, https://goo.gl/fbAQLP

exports[`Decorators 1`] = `
"var _class, _class2, _descriptor, _descriptor2, _class3, _descriptor3, _descriptor4;
function _initializerDefineProperty(target, property, descriptor, context) { if (!descriptor) return; Object.defineProperty(target, property, { enumerable: descriptor.enumerable, configurable: descriptor.configurable, writable: descriptor.writable, value: descriptor.initializer ? descriptor.initializer.call(context) : void 0 }); }
function _applyDecoratedDescriptor(target, property, decorators, descriptor, context) { var desc = {}; Object.keys(descriptor).forEach(function (key) { desc[key] = descriptor[key]; }); desc.enumerable = !!desc.enumerable; desc.configurable = !!desc.configurable; if ('value' in desc || desc.initializer) { desc.writable = true; } desc = decorators.slice().reverse().reduce(function (desc, decorator) { return decorator(target, property, desc) || desc; }, desc); if (context && desc.initializer !== void 0) { desc.value = desc.initializer ? desc.initializer.call(context) : void 0; desc.initializer = undefined; } if (desc.initializer === void 0) { Object.defineProperty(target, property, desc); desc = null; } return desc; }
function _initializerWarningHelper(descriptor, context) { throw new Error('Decorating class property failed. Please ensure that ' + 'proposal-class-properties is enabled and runs after the decorators transform.'); }
export let Foo = deco(_class = (_class2 = class Foo {
  constructor() {
    _initializerDefineProperty(this, "a", _descriptor, this);
    _initializerDefineProperty(this, "b", _descriptor2, this);
  }
}, (_descriptor = _applyDecoratedDescriptor(_class2.prototype, "a", [deco], {
  configurable: true,
  enumerable: true,
  writable: true,
  initializer: null
}), _descriptor2 = _applyDecoratedDescriptor(_class2.prototype, "b", [deco], {
  configurable: true,
  enumerable: true,
  writable: true,
  initializer: function () {
    return 2;
  }
})), _class2)) || _class;
let Bar = (_class3 = class Bar {
  constructor() {
    _initializerDefineProperty(this, "a", _descriptor3, this);
    _initializerDefineProperty(this, "b", _descriptor4, this);
    this.c = void 0;
  }
}, (_descriptor3 = _applyDecoratedDescriptor(_class3.prototype, "a", [deco], {
  configurable: true,
  enumerable: true,
  writable: true,
  initializer: null
}), _descriptor4 = _applyDecoratedDescriptor(_class3.prototype, "b", [deco], {
  configurable: true,
  enumerable: true,
  writable: true,
  initializer: function () {
    return 2;
  }
})), _class3);"
`;
